[alliance-html.themerex.net/dashboard1.html]
[backblue.gif]
[fade.gif]
[index.html]
[alliance-html.themerex.net/assets/fonts/icomoon/icomoon.css]
[alliance-html.themerex.net/assets/js/plugins/fullcalendar/fullcalendar.min.css]
[alliance-html.themerex.net/assets/js/plugins/magnific/magnific-popup.css]
[alliance-html.themerex.net/assets/js/plugins/c3charts/c3.min.css]
[alliance-html.themerex.net/assets/skin/default_skin/css/theme.css]
[alliance-html.themerex.net/assets/allcp/forms/css/forms.css]
[alliance-html.themerex.net/assets/img/favicon.ico]
[alliance-html.themerex.net/assets/img/avatars/5.jpg]
[alliance-html.themerex.net/assets/img/avatars/2.jpg]
[alliance-html.themerex.net/assets/img/avatars/3.jpg]
[alliance-html.themerex.net/assets/img/avatars/4.jpg]
[alliance-html.themerex.net/assets/img/avatars/1.jpg]
[alliance-html.themerex.net/assets/img/avatars/profile_avatar.jpg]
[alliance-html.themerex.net/utility-login.html]
[alliance-html.themerex.net/charts-highcharts.html]
[alliance-html.themerex.net/sales-stats-products.html]
[alliance-html.themerex.net/sales-stats-purchases.html]
[alliance-html.themerex.net/basic-profile.html]
[alliance-html.themerex.net/management-tools-dock.html]
[alliance-html.themerex.net/dashboard2.html]
[alliance-html.themerex.net/sales-stats-general-settings.html]
[alliance-html.themerex.net/sales-stats-clients.html]
[alliance-html.themerex.net/sidebar-left-static.html]
[alliance-html.themerex.net/sidebar-left-fixed.html]
[alliance-html.themerex.net/sidebar-left-minified.html]
[alliance-html.themerex.net/sidebar-right-fixed.html]
[alliance-html.themerex.net/sidebar-right-menu.html]
[alliance-html.themerex.net/navigation-static.html]
[alliance-html.themerex.net/navigation-fixed.html]
[alliance-html.themerex.net/top-panel.html]
[alliance-html.themerex.net/top-panel-menu.html]
[alliance-html.themerex.net/content-blank.html]
[alliance-html.themerex.net/content-fixed.html]
[alliance-html.themerex.net/content-hero.html]
[alliance-html.themerex.net/chute-left.html]
[alliance-html.themerex.net/chute-left-fixed.html]
[alliance-html.themerex.net/chute-right.html]
[alliance-html.themerex.net/chute-right-fixed.html]
[alliance-html.themerex.net/chute-both.html]
[alliance-html.themerex.net/chute-both-fixed.html]
[alliance-html.themerex.net/boxed-default.html]
[alliance-html.themerex.net/horizontal-navigation-boxed.html]
[alliance-html.themerex.net/horizontal-navigation-small-menu.html]
[alliance-html.themerex.net/horizontal-navigation-medium-menu.html]
[alliance-html.themerex.net/horizontal-navigation-large-menu.html]
[alliance-html.themerex.net/horizontal-navigation-top-panel.html]
[alliance-html.themerex.net/horizontal-navigation-collapsing-top-panel.html]
[alliance-html.themerex.net/management-tools-panels.html]
[alliance-html.themerex.net/management-tools-modals.html]
[alliance-html.themerex.net/forms-elements.html]
[alliance-html.themerex.net/forms-widgets.html]
[alliance-html.themerex.net/forms-layouts.html]
[alliance-html.themerex.net/forms-wizard.html]
[alliance-html.themerex.net/forms-validation.html]
[alliance-html.themerex.net/widgets-panels.html]
[alliance-html.themerex.net/widgets-scrollers-tiles.html]
[alliance-html.themerex.net/widgets-tools.html]
[alliance-html.themerex.net/email-layouts.html]
[alliance-html.themerex.net/user-interface-alerts.html]
[alliance-html.themerex.net/user-interface-buttons.html]
[alliance-html.themerex.net/user-interface-panels.html]
[alliance-html.themerex.net/user-interface-typography.html]
[alliance-html.themerex.net/user-interface-progress-bars.html]
[alliance-html.themerex.net/user-interface-tabs.html]
[alliance-html.themerex.net/user-interface-grid.html]
[alliance-html.themerex.net/user-interface-progress-loader.html]
[alliance-html.themerex.net/user-interface-icons.html]
[alliance-html.themerex.net/user-forms-standart-inputs.html]
[alliance-html.themerex.net/user-forms-additional-inputs.html]
[alliance-html.themerex.net/user-forms-editors.html]
[alliance-html.themerex.net/user-forms-treeview.html]
[alliance-html.themerex.net/user-forms-nestable.html]
[alliance-html.themerex.net/user-forms-image-tools.html]
[alliance-html.themerex.net/user-forms-file-uploaders.html]
[alliance-html.themerex.net/user-forms-notifications.html]
[alliance-html.themerex.net/user-forms-content-sliders.html]
[alliance-html.themerex.net/maps-basic.html]
[alliance-html.themerex.net/maps-vector.html]
[alliance-html.themerex.net/maps-full.html]
[alliance-html.themerex.net/charts-d3.html]
[alliance-html.themerex.net/charts-flot.html]
[alliance-html.themerex.net/tables-basic.html]
[alliance-html.themerex.net/tables-datatables.html]
[alliance-html.themerex.net/tables-sortable.html]
[alliance-html.themerex.net/tables-pricing.html]
[alliance-html.themerex.net/utility-confirmation.html]
[alliance-html.themerex.net/utility-register.html]
[alliance-html.themerex.net/utility-forgot-password.html]
[alliance-html.themerex.net/utility-coming-soon.html]
[alliance-html.themerex.net/utility-404-error.html]
[alliance-html.themerex.net/basic-search-results.html]
[alliance-html.themerex.net/basic-timeline.html]
[alliance-html.themerex.net/basic-faq-page.html]
[alliance-html.themerex.net/basic-calendar.html]
[alliance-html.themerex.net/basic-messages.html]
[alliance-html.themerex.net/basic-gallery.html]
[alliance-html.themerex.net/basic-invoice.html]
[alliance-html.themerex.net/assets/img/pages/clipart0.png]
[alliance-html.themerex.net/assets/img/pages/clipart1.png]
[alliance-html.themerex.net/index.html]
[alliance-html.themerex.net/assets/img/pages/clipart2.png]
[alliance-html.themerex.net/doc/index.html]
[alliance-html.themerex.net/assets/img/pages/clipart3.png]
[alliance-html.themerex.net/assets/js/jquery/jquery-1.11.3.min.js]
[alliance-html.themerex.net/assets/js/plugins/highcharts/highcharts.js]
[alliance-html.themerex.net/assets/js/plugins/c3charts/c3.min.js]
[alliance-html.themerex.net/assets/js/plugins/c3charts/d3.min.js]
[alliance-html.themerex.net/assets/js/plugins/circles/circles.js]
[alliance-html.themerex.net/assets/js/jquery/jquery_ui/jquery-ui.min.js]
[alliance-html.themerex.net/assets/js/plugins/jvectormap/jquery.jvectormap.min.js]
[alliance-html.themerex.net/assets/js/plugins/fullcalendar/lib/moment.min.js]
[alliance-html.themerex.net/assets/allcp/forms/js/jquery-ui-monthpicker.min.js]
[alliance-html.themerex.net/assets/allcp/forms/js/jquery-ui-datepicker.min.js]
[alliance-html.themerex.net/assets/js/plugins/fullcalendar/fullcalendar.min.js]
[alliance-html.themerex.net/assets/js/demo/demo.js]
[alliance-html.themerex.net/assets/js/plugins/jvectormap/assets/jquery-jvectormap-us-lcc-en.js]
[alliance-html.themerex.net/assets/js/plugins/magnific/jquery.magnific-popup.js]
[alliance-html.themerex.net/assets/js/main.js]
[alliance-html.themerex.net/assets/js/demo/widgets_sidebar.js]
[alliance-html.themerex.net/dashboard1.html]
[alliance-html.themerex.net/assets/js/demo/widgets.js]
[alliance-html.themerex.net/assets/js/pages/dashboard1.js]
[alliance-html.themerex.net/assets/fonts/icomoon/icomoon.ttf]
[alliance-html.themerex.net/assets/js/utility/utility.js]
[alliance-html.themerex.net/assets/fonts/icomoon/icomoon.eot]
[alliance-html.themerex.net/assets/fonts/icomoon/icomoon.svg]
[alliance-html.themerex.net/assets/fonts/icomoon/icomoon.woff]
[alliance-html.themerex.net/assets/fonts/icomoon/icomoon.css]
[alliance-html.themerex.net/assets/js/plugins/fullcalendar/fullcalendar.min.css]
[alliance-html.themerex.net/assets/js/plugins/magnific/magnific-popup.css]
[alliance-html.themerex.net/assets/js/plugins/c3charts/c3.min.css]
[alliance-html.themerex.net/assets/fonts/icomoon/icomoond41d.eot]
[alliance-html.themerex.net/assets/fonts/themerex/themerex.eot]
[alliance-html.themerex.net/assets/fonts/themerex/themerex.woff]
[alliance-html.themerex.net/assets/fonts/themerex/themerex.ttf]
[alliance-html.themerex.net/assets/fonts/themerex/themerex.svg]
[alliance-html.themerex.net/assets/fonts/themerex/themerexd41d.eot]
[alliance-html.themerex.net/assets/fonts/glyphicons/glyphicons-halflings-regular.woff2]
[alliance-html.themerex.net/assets/fonts/glyphicons/glyphicons-halflings-regular.eot]
[alliance-html.themerex.net/assets/fonts/glyphicons/glyphicons-halflings-regular.ttf]
[alliance-html.themerex.net/assets/fonts/glyphicons/glyphicons-halflings-regular.svg]
[alliance-html.themerex.net/assets/fonts/glyphicons/glyphicons-halflings-regulard41d.eot]
[alliance-html.themerex.net/assets/fonts/glyphicons/glyphicons-halflings-regular.woff]
[alliance-html.themerex.net/assets/fonts/font-awesome/fontawesome-webfonte0a5.woff2]
[alliance-html.themerex.net/assets/fonts/font-awesome/fontawesome-webfontd41d.eot]
[alliance-html.themerex.net/assets/fonts/font-awesome/fontawesome-webfonte0a5.eot]
[alliance-html.themerex.net/assets/fonts/font-awesome/fontawesome-webfonte0a5.ttf]
[alliance-html.themerex.net/assets/fonts/font-awesome/fontawesome-webfonte0a5.svg]
[alliance-html.themerex.net/assets/fonts/stateface/stateface-regular-webfont.eot]
[alliance-html.themerex.net/assets/fonts/stateface/stateface-regular-webfont.woff]
[alliance-html.themerex.net/assets/fonts/stateface/stateface-regular-webfont.ttf]
[alliance-html.themerex.net/assets/fonts/stateface/stateface-regular-webfontd41d.eot]
[alliance-html.themerex.net/assets/fonts/font-awesome/fontawesome-webfonte0a5.woff]
[alliance-html.themerex.net/assets/fonts/stateface/stateface-regular-webfont.svg]
[alliance-html.themerex.net/assets/img/plugins/details_open.png]
[alliance-html.themerex.net/assets/img/plugins/details_close.png]
[alliance-html.themerex.net/assets/img/plugins/arrow_left_12x12.png]
[alliance-html.themerex.net/assets/img/plugins/arrow_right_12x12.png]
[alliance-html.themerex.net/assets/img/plugins/allcpdock-sprite.png]
[alliance-html.themerex.net/assets/img/sprites/favicons-sm.png]
[alliance-html.themerex.net/assets/img/sprites/logos.png]
[alliance-html.themerex.net/assets/img/sprites/flag-xs.png]
[alliance-html.themerex.net/assets/img/sprites/flag-sm.png]
[alliance-html.themerex.net/assets/img/plugins/grippy_large.png]
[alliance-html.themerex.net/assets/img/patterns/backgrounds/1.jpg]
[alliance-html.themerex.net/assets/skin/default_skin/css/theme.css]
[alliance-html.themerex.net/assets/allcp/forms/css/forms.css]
[alliance-html.themerex.net/assets/img/logo_login_form.png]
[alliance-html.themerex.net/utility-login.html]
[alliance-html.themerex.net/assets/js/plugins/canvasbg/canvasbg.js]
[alliance-html.themerex.net/charts-highcharts.html]
[alliance-html.themerex.net/assets/img/pages/products/1.jpg]
[alliance-html.themerex.net/assets/img/pages/products/2.jpg]
[alliance-html.themerex.net/assets/js/demo/charts/highcharts.js]
[alliance-html.themerex.net/assets/img/pages/products/3.jpg]
[alliance-html.themerex.net/assets/img/pages/products/4.jpg]
[alliance-html.themerex.net/assets/js/plugins/sparkline/jquery.sparkline.min.js]
[alliance-html.themerex.net/assets/img/pages/products/5.jpg]
[alliance-html.themerex.net/assets/img/pages/products/6.jpg]
[alliance-html.themerex.net/assets/img/pages/products/7.jpg]
[alliance-html.themerex.net/assets/img/pages/products/8.jpg]
[alliance-html.themerex.net/assets/img/pages/products/9.jpg]
[alliance-html.themerex.net/assets/img/pages/products/10.jpg]
[alliance-html.themerex.net/assets/js/plugins/fileupload/fileupload.js]
[alliance-html.themerex.net/sales-stats-products.html]
[alliance-html.themerex.net/assets/js/pages/sales-stats-products.js]
[alliance-html.themerex.net/assets/js/plugins/tagsinput/tagsinput.min.js]
[alliance-html.themerex.net/assets/js/plugins/holder/holder.min.js]
[alliance-html.themerex.net/sales-stats-purchases.html]
[alliance-html.themerex.net/assets/js/pages/sales-stats-purchases.js]
[alliance-html.themerex.net/assets/img/avatars/profile_avatar_big.jpg]
[alliance-html.themerex.net/assets/img/pages/1.jpg]
[alliance-html.themerex.net/assets/img/pages/2.jpg]
[alliance-html.themerex.net/assets/img/pages/3.jpg]
[alliance-html.themerex.net/assets/img/pages/4.jpg]
[alliance-html.themerex.net/assets/img/pages/5.jpg]
[alliance-html.themerex.net/basic-profile.html]
[alliance-html.themerex.net/assets/js/pages/management-tools-dock.js]
[alliance-html.themerex.net/management-tools-dock.html]
[alliance-html.themerex.net/assets/allcp/forms/css/forms.min.css]
[alliance-html.themerex.net/dashboard2.html]
[alliance-html.themerex.net/assets/js/pages/dashboard2.js]
[alliance-html.themerex.net/cdn-cgi/l/email-protection.html]
[alliance-html.themerex.net/sales-stats-clients.html]
[alliance-html.themerex.net/sales-stats-general-settings.html]
[alliance-html.themerex.net/sidebar-left-static.html]
[alliance-html.themerex.net/sidebar-left-fixed.html]
[alliance-html.themerex.net/sidebar-left-minified.html]
[alliance-html.themerex.net/sidebar-right-fixed.html]
[alliance-html.themerex.net/sidebar-right-menu.html]
[alliance-html.themerex.net/navigation-static.html]
[alliance-html.themerex.net/navigation-fixed.html]
[alliance-html.themerex.net/top-panel.html]
[alliance-html.themerex.net/top-panel-menu.html]
[alliance-html.themerex.net/assets/js/pages/sales-stats-clients.js]
[alliance-html.themerex.net/content-blank.html]
[alliance-html.themerex.net/content-fixed.html]
[alliance-html.themerex.net/layout_content-heading.html]
[alliance-html.themerex.net/content-hero.html]
[alliance-html.themerex.net/chute-left.html]
[alliance-html.themerex.net/chute-left-fixed.html]
[alliance-html.themerex.net/chute-right.html]
[alliance-html.themerex.net/chute-right-fixed.html]
[alliance-html.themerex.net/chute-both.html]
[alliance-html.themerex.net/chute-both-fixed.html]
[alliance-html.themerex.net/boxed-default.html]
[alliance-html.themerex.net/horizontal-navigation-boxed.html]
[alliance-html.themerex.net/horizontal-navigation-small-menu.html]
[alliance-html.themerex.net/horizontal-navigation-medium-menu.html]
[alliance-html.themerex.net/horizontal-navigation-large-menu.html]
[alliance-html.themerex.net/horizontal-navigation-top-panel.html]
[alliance-html.themerex.net/horizontal-navigation-collapsing-top-panel.html]
[alliance-html.themerex.net/assets/js/plugins/jvectormap/assets/jquery-jvectormap-world-mill-en.js]
[alliance-html.themerex.net/assets/js/plugins/waypoints/jquery.waypoints.min.js]
[alliance-html.themerex.net/management-tools-panels.html]
[alliance-html.themerex.net/assets/js/pages/management-tools-panels.js]
[alliance-html.themerex.net/management-tools-modals.html]
[alliance-html.themerex.net/assets/js/pages/management-tools-modals.js]
[alliance-html.themerex.net/forms-elements.html]
[alliance-html.themerex.net/assets/js/pages/allcp_forms-elements.js]
[alliance-html.themerex.net/assets/allcp/forms/js/jquery.spectrum.min.js]
[alliance-html.themerex.net/assets/allcp/forms/js/jquery.stepper.min.js]
[alliance-html.themerex.net/forms-widgets.html]
[alliance-html.themerex.net/assets/js/pages/forms-widgets.js]
[alliance-html.themerex.net/forms-layouts.html]
[alliance-html.themerex.net/assets/js/pages/forms-layouts.js]
[alliance-html.themerex.net/assets/allcp/forms/js/jquery.validate.min.js]
[alliance-html.themerex.net/assets/allcp/forms/js/jquery.steps.min.js]
[alliance-html.themerex.net/forms-wizard.html]
[alliance-html.themerex.net/assets/js/pages/forms-wizard.js]
[alliance-html.themerex.net/assets/allcp/forms/js/additional-methods.min.js]
[alliance-html.themerex.net/forms-validation.html]
[alliance-html.themerex.net/assets/js/pages/forms-validation.js]
[alliance-html.themerex.net/assets/js/plugins/summernote/summernote.css]
[alliance-html.themerex.net/assets/img/avatars/6.jpg]
[alliance-html.themerex.net/assets/js/plugins/summernote/summernote.min.js]
[alliance-html.themerex.net/widgets-panels.html]
[alliance-html.themerex.net/widgets-scrollers-tiles.html]
[alliance-html.themerex.net/assets/js/pages/widgets-panels.js]
[alliance-html.themerex.net/assets/fonts/stateface/stateface.css]
[alliance-html.themerex.net/assets/js/pages/widgets-tools.js]
[alliance-html.themerex.net/widgets-tools.html]
[alliance-html.themerex.net/assets/js/demo/charts/d3.js]
[alliance-html.themerex.net/assets/templates/email/welcome.html]
[alliance-html.themerex.net/assets/templates/email/upsell.html]
[alliance-html.themerex.net/assets/templates/email/ping.html]
[alliance-html.themerex.net/assets/templates/email/invoice.html]
[alliance-html.themerex.net/assets/templates/email/shipped.html]
[alliance-html.themerex.net/assets/templates/email/invite.html]
[alliance-html.themerex.net/assets/templates/email/progress.html]
[alliance-html.themerex.net/assets/templates/email/survey.html]
[alliance-html.themerex.net/assets/templates/email/we_miss_you.html]
[alliance-html.themerex.net/email-layouts.html]
[alliance-html.themerex.net/user-interface-alerts.html]
[alliance-html.themerex.net/assets/js/pages/email-layouts.js]
[alliance-html.themerex.net/assets/js/plugins/ladda/ladda.min.css]
[alliance-html.themerex.net/assets/fonts/zocial/zocial.css]
[alliance-html.themerex.net/assets/js/plugins/ladda/ladda.min.js]
[alliance-html.themerex.net/user-interface-buttons.html]
[alliance-html.themerex.net/assets/js/pages/user-interface-buttons.js]
[alliance-html.themerex.net/assets/js/plugins/highlight/styles/github.css]
[alliance-html.themerex.net/user-interface-typography.html]
[alliance-html.themerex.net/user-interface-panels.html]
[alliance-html.themerex.net/user-interface-progress-bars.html]
[alliance-html.themerex.net/assets/js/plugins/highlight/highlight.pack.js]
[alliance-html.themerex.net/basic-Tab]
[alliance-html.themerex.net/user-interface-tabs.html]
[alliance-html.themerex.net/assets/fonts/iconsweets/iconsweets.css]
[alliance-html.themerex.net/assets/fonts/octicons/octicons.css]
[alliance-html.themerex.net/user-interface-icons.html]
[alliance-html.themerex.net/assets/js/pages/user-interface-icons.js]
[alliance-html.themerex.net/user-interface-grid.html]
[alliance-html.themerex.net/assets/js/plugins/highlight/styles/googlecode.css]
[alliance-html.themerex.net/assets/js/plugins/nprogress/nprogress.js]
[alliance-html.themerex.net/user-interface-progress-loader.html]
[alliance-html.themerex.net/user-forms-standart-inputs.html]
[alliance-html.themerex.net/assets/js/pages/user-interface-progress-loader.js]
[alliance-html.themerex.net/assets/js/plugins/tagmanager/tagmanager.css]
[alliance-html.themerex.net/assets/js/plugins/daterange/daterangepicker.css]
[alliance-html.themerex.net/assets/js/plugins/datepicker/css/bootstrap-datetimepicker.css]
[alliance-html.themerex.net/assets/js/plugins/colorpicker/css/bootstrap-colorpicker.min.css]
[alliance-html.themerex.net/assets/js/plugins/select2/css/core.css]
[alliance-html.themerex.net/assets/js/plugins/globalize/globalize.min.js]
[alliance-html.themerex.net/assets/js/plugins/moment/moment.min.js]
[alliance-html.themerex.net/assets/js/plugins/duallistbox/jquery.bootstrap-duallistbox.min.js]
[alliance-html.themerex.net/assets/js/plugins/maxlength/bootstrap-maxlength.min.js]
[alliance-html.themerex.net/assets/js/plugins/select2/select2.min.js]
[alliance-html.themerex.net/assets/js/plugins/tagmanager/tagmanager.js]
[alliance-html.themerex.net/assets/js/plugins/typeahead/typeahead.bundle.min.js]
[alliance-html.themerex.net/assets/js/plugins/daterange/daterangepicker.min.js]
[alliance-html.themerex.net/assets/js/plugins/datepicker/js/bootstrap-datetimepicker.min.js]
[alliance-html.themerex.net/assets/js/plugins/colorpicker/js/bootstrap-colorpicker.min.js]
[alliance-html.themerex.net/assets/js/plugins/jquerymask/jquery.maskedinput.min.js]
[alliance-html.themerex.net/user-forms-additional-inputs.html]
[alliance-html.themerex.net/assets/js/pages/user-forms-additional-inputs.js]
[alliance-html.themerex.net/assets/js/plugins/xeditable/css/bootstrap-editable.css]
[alliance-html.themerex.net/assets/js/plugins/xeditable/inputs/address/address.css]
[alliance-html.themerex.net/assets/js/plugins/xeditable/inputs/typeaheadjs/lib/typeahead.js-bootstrap.css]
[alliance-html.themerex.net/assets/js/plugins/markdown/to-markdown.js]
[alliance-html.themerex.net/assets/js/plugins/markdown/bootstrap-markdown.js]
[alliance-html.themerex.net/assets/js/plugins/xeditable/inputs/address/address.js]
[alliance-html.themerex.net/assets/js/plugins/markdown/markdown.js]
[alliance-html.themerex.net/assets/js/plugins/xeditable/js/bootstrap-editable.min.js]
[alliance-html.themerex.net/assets/js/plugins/xeditable/inputs/typeaheadjs/typeaheadjs.js]
[alliance-html.themerex.net/user-forms-editors.html]
[alliance-html.themerex.net/assets/js/pages/user-forms-editors.js]
[alliance-html.themerex.net/assets/js/plugins/xeditable/inputs/typeaheadjs/lib/typeahead.js]
[alliance-html.themerex.net/assets/js/plugins/fancytree/skin-win8/ui.fancytree.min.css]
[alliance-html.themerex.net/assets/js/plugins/fancytree/extensions/jquery.fancytree.childcounter.js]
[alliance-html.themerex.net/assets/js/plugins/fancytree/extensions/jquery.fancytree.columnview.js]
[alliance-html.themerex.net/assets/js/plugins/fancytree/extensions/jquery.fancytree.edit.js]
[alliance-html.themerex.net/assets/js/plugins/fancytree/extensions/jquery.fancytree.dnd.js]
[alliance-html.themerex.net/assets/js/plugins/fancytree/extensions/jquery.fancytree.filter.js]
[alliance-html.themerex.net/user-forms-treeview.html]
[alliance-html.themerex.net/assets/js/pages/user-forms-treeview.js]
[alliance-html.themerex.net/assets/js/plugins/fancytree/jquery.fancytree-all.min.js]
[alliance-html.themerex.net/assets/js/plugins/nestable/nestable.css]
[alliance-html.themerex.net/user-forms-nestable.html]
[alliance-html.themerex.net/assets/js/plugins/nestable/jquery.nestable.js]
[alliance-html.themerex.net/assets/js/pages/user-forms-nestable.js]
[alliance-html.themerex.net/assets/js/pages/user-forms-image-tools.js]
[alliance-html.themerex.net/user-forms-image-tools.html]
[alliance-html.themerex.net/assets/js/plugins/cropper/cropper.min.js]
[alliance-html.themerex.net/assets/js/plugins/imagezoom/jquery.elevatezoom.min.js]
[alliance-html.themerex.net/assets/js/plugins/dropzone/css/dropzone.css]
[alliance-html.themerex.net/user-forms-file-uploaders.html]
[alliance-html.themerex.net/assets/js/pages/user-forms-file-uploaders.js]
[alliance-html.themerex.net/user-forms-notifications.html]
[alliance-html.themerex.net/assets/js/plugins/dropzone/dropzone.min.js]
[alliance-html.themerex.net/assets/js/pages/user-forms-file-notifications.js]
[alliance-html.themerex.net/assets/js/plugins/pnotify/pnotify.js]
[alliance-html.themerex.net/assets/js/plugins/ckeditor/ckeditor.js]
[alliance-html.themerex.net/assets/js/plugins/slick/slick.css]
[alliance-html.themerex.net/assets/js/plugins/slick/slick.js]
[alliance-html.themerex.net/user-forms-content-sliders.html]
[alliance-html.themerex.net/assets/js/pages/user-forms-content-sliders.js]
[alliance-html.themerex.net/assets/js/plugins/map/gmaps.min.js]
[alliance-html.themerex.net/assets/js/plugins/gmap/jquery.ui.map.min.js]
[alliance-html.themerex.net/assets/js/plugins/gmap/ui/jquery.ui.map.extensions.min.js]
[alliance-html.themerex.net/maps-basic.html]
[alliance-html.themerex.net/assets/js/pages/maps-basic.js]
[alliance-html.themerex.net/maps-vector.html]
[alliance-html.themerex.net/assets/js/pages/maps-vector.js]
[alliance-html.themerex.net/maps-full.html]
[alliance-html.themerex.net/charts-d3.html]
[alliance-html.themerex.net/assets/js/pages/maps-full.js]
[alliance-html.themerex.net/assets/js/plugins/jqueryflot/jquery.flot.min.js]
[alliance-html.themerex.net/assets/js/plugins/jqueryflot/jquery.flot.resize.min.js]
[alliance-html.themerex.net/assets/js/plugins/jqueryflot/jquery.flot.pie.min.js]
[alliance-html.themerex.net/assets/js/plugins/jqueryflot/jquery.flot.tooltip.min.js]
[alliance-html.themerex.net/charts-flot.html]
[alliance-html.themerex.net/assets/js/demo/charts/flot.js]
[alliance-html.themerex.net/tables-basic.html]
[alliance-html.themerex.net/assets/js/pages/tables-basic.js]
[alliance-html.themerex.net/assets/js/plugins/datatables/extensions/Editor/css/dataTables.editor.css]
[alliance-html.themerex.net/assets/js/plugins/datatables/media/css/dataTables.bootstrap.css]
[alliance-html.themerex.net/assets/js/plugins/datatables/extensions/ColReorder/css/dataTables.colReorder.min.css]
[alliance-html.themerex.net/manStatement-tools-panels.html]
[alliance-html.themerex.net/manStatement-tools-modals.html]
[alliance-html.themerex.net/manStatement-tools-dock.html]
[alliance-html.themerex.net/user-forms-imState-tools.html]
[alliance-html.themerex.net/basic-messStates.html]
[alliance-html.themerex.net/assets/js/jquery/jquery-1.11.1.min.js]
[alliance-html.themerex.net/assets/js/plugins/datatables/extensions/ColReorder/js/dataTables.colReorder.min.js]
[alliance-html.themerex.net/assets/js/plugins/datatables/media/js/dataTables.bootstrap.js]
[alliance-html.themerex.net/tables-datatables.html]
[alliance-html.themerex.net/assets/js/plugins/datatables/extensions/TableTools/js/dataTables.tableTools.min.js]
[alliance-html.themerex.net/assets/js/pages/tables-data.js]
[alliance-html.themerex.net/assets/js/plugins/footable/css/footable.core.min.css]
[alliance-html.themerex.net/assets/js/plugins/datatables/media/js/jquery.dataTables.js]
[alliance-html.themerex.net/tables-sortable.html]
[alliance-html.themerex.net/tables-pricing.html]
[alliance-html.themerex.net/assets/js/plugins/footable/js/footable.filter.min.js]
[alliance-html.themerex.net/assets/img/logo.png]
[alliance-html.themerex.net/utility-confirmation.html]
[alliance-html.themerex.net/utility-register.html]
[alliance-html.themerex.net/utility-forgot-password.html]
[alliance-html.themerex.net/assets/js/plugins/footable/js/footable.all.min.js]
[alliance-html.themerex.net/assets/js/plugins/countdown/jquery.plugin.min.js]
[alliance-html.themerex.net/utility-coming-soon.html]
[alliance-html.themerex.net/assets/js/plugins/countdown/jquery.countdown.min.js]
[alliance-html.themerex.net/assets/img/pages/404.png]
[alliance-html.themerex.net/utility-404-error.html]
[alliance-html.themerex.net/basic-search-results.html]
[alliance-html.themerex.net/assets/img/pages/6.jpg]
[alliance-html.themerex.net/basic-timeline.html]
[alliance-html.themerex.net/assets/js/pages/basic-timeline.js]
[alliance-html.themerex.net/basic-faq-page.html]
[alliance-html.themerex.net/assets/js/pages/basic-calendar.js]
[alliance-html.themerex.net/basic-calendar.html]
[alliance-html.themerex.net/assets/js/pages/basic-messages.js]
[alliance-html.themerex.net/basic-messages.html]
[alliance-html.themerex.net/assets/js/plugins/mixitup/jquery.mixitup.min.js]
[alliance-html.themerex.net/assets/js/pages/basic-gallery.js]
[alliance-html.themerex.net/basic-gallery.html]
[alliance-html.themerex.net/basic-invoice.html]
[alliance-html.themerex.net/doc/css/style.css]
[alliance-html.themerex.net/doc/js/jquery.scrollTo-1.4.2-min.js]
[alliance-html.themerex.net/doc/js/jquery.easing.js]
[alliance-html.themerex.net/doc/js/script.js]
[alliance-html.themerex.net/doc/images/fixed_sidebar.png]
[alliance-html.themerex.net/doc/js/jquery.1.6.4.js]
[alliance-html.themerex.net/doc/images/minified_sidebar.png]
[alliance-html.themerex.net/doc/images/icon.png]
[alliance-html.themerex.net/doc/images/right_fixed.png]
[alliance-html.themerex.net/doc/images/navigation-fixed.png]
[alliance-html.themerex.net/doc/images/dropdown.png]
[alliance-html.themerex.net/doc/images/dropmenu.png]
[alliance-html.themerex.net/doc/images/last_activities.png]
[alliance-html.themerex.net/doc/images/activity_reports.png]
[alliance-html.themerex.net/doc/images/user_panel.png]
[alliance-html.themerex.net/doc/images/with_menu.png]
[alliance-html.themerex.net/doc/images/blank_content.png]
[alliance-html.themerex.net/doc/images/fixed_content.png]
[alliance-html.themerex.net/doc/images/hero-content.png]
[alliance-html.themerex.net/doc/images/chutes.png]
[alliance-html.themerex.net/doc/images/boxed_frontpage.png]
[alliance-html.themerex.net/doc/images/horizontal-menu.png]
[alliance-html.themerex.net/doc/images/large-horizontal.png]
[alliance-html.themerex.net/doc/images/medium-horizontal.png]
[alliance-html.themerex.net/doc/images/small-horizontal.png]
[alliance-html.themerex.net/doc/images/editable-title.png]
[alliance-html.themerex.net/doc/images/scrollable-panel.png]
[alliance-html.themerex.net/doc/images/fullscreen-panel.png]
[alliance-html.themerex.net/doc/images/minimizable-panel.png]
[alliance-html.themerex.net/doc/images/filter-panel.png]
[alliance-html.themerex.net/doc/images/options-panel.png]
[alliance-html.themerex.net/doc/images/removable-panel.png]
[alliance-html.themerex.net/doc/images/sortable-panel.png]
[alliance-html.themerex.net/doc/images/modal_content_types.png]
[alliance-html.themerex.net/doc/images/tool-dock.png]
[alliance-html.themerex.net/doc/images/input.png]
[alliance-html.themerex.net/doc/images/input-icon.png]
[alliance-html.themerex.net/doc/images/input-select.png]
[alliance-html.themerex.net/doc/images/tooltip.png]
[alliance-html.themerex.net/doc/images/validation.png]
[alliance-html.themerex.net/doc/images/smart-widget.png]
[alliance-html.themerex.net/doc/images/input_addons.png]
[alliance-html.themerex.net/doc/images/uploaders.png]
[alliance-html.themerex.net/doc/images/radio.png]
[alliance-html.themerex.net/doc/images/switches.png]
[alliance-html.themerex.net/doc/images/reviews.png]
[alliance-html.themerex.net/doc/images/ckeditor.png]
[alliance-html.themerex.net/doc/images/markdown.png]
[alliance-html.themerex.net/doc/images/summernote.png]
[alliance-html.themerex.net/doc/images/xeditable.png]
[alliance-html.themerex.net/doc/images/new_product.png]
[alliance-html.themerex.net/doc/images/filter_product.png]
[alliance-html.themerex.net/doc/images/orders.png]
[alliance-html.themerex.net/doc/images/users.png]
[alliance-html.themerex.net/doc/images/settings.png]
[alliance-html.themerex.net/doc/images/scroller-primary.png]
[alliance-html.themerex.net/doc/images/scroller-thick.png]
[alliance-html.themerex.net/doc/images/scroller-height.png]
[alliance-html.themerex.net/doc/images/tiles.png]
[alliance-html.themerex.net/doc/images/calendar-widget.png]
[alliance-html.themerex.net/doc/images/chat-widget.png]
[alliance-html.themerex.net/doc/images/quick-post.png]
[alliance-html.themerex.net/doc/images/quick-draft.png]
[alliance-html.themerex.net/doc/images/task-list.png]
[alliance-html.themerex.net/doc/images/timeline-widget.png]
[alliance-html.themerex.net/doc/images/newsletter-widget.png]
[alliance-html.themerex.net/doc/images/tag-cloud.png]
[alliance-html.themerex.net/doc/images/tag-group.png]
[alliance-html.themerex.net/doc/images/user-group-widget.png]
[alliance-html.themerex.net/doc/images/high_chart.png]
[alliance-html.themerex.net/doc/images/progress-bar-widget.png]
[alliance-html.themerex.net/doc/images/gauge.png]
[alliance-html.themerex.net/doc/images/jvector.png]
[alliance-html.themerex.net/doc/images/area-chart.png]
[alliance-html.themerex.net/doc/images/high_bars.png]
[alliance-html.themerex.net/doc/images/circle-graph.png]
[alliance-html.themerex.net/doc/images/column-chart.png]
[alliance-html.themerex.net/doc/images/progress-bar-widget2.png]
[alliance-html.themerex.net/doc/images/donut-chart.png]
[alliance-html.themerex.net/doc/images/email-template.png]
[alliance-html.themerex.net/doc/images/alerts.png]
[alliance-html.themerex.net/doc/images/alert-colors.png]
[alliance-html.themerex.net/doc/images/alert_block.png]
[alliance-html.themerex.net/doc/images/button-colors.png]
[alliance-html.themerex.net/doc/images/button-states.png]
[alliance-html.themerex.net/doc/images/button-sizes.png]
[alliance-html.themerex.net/doc/images/button-options.png]
[alliance-html.themerex.net/doc/images/loading-buttons.png]
[alliance-html.themerex.net/doc/images/icon-buttons.png]
[alliance-html.themerex.net/doc/images/dropdown-button.png]
[alliance-html.themerex.net/doc/images/text-color.png]
[alliance-html.themerex.net/doc/images/heading.png]
[alliance-html.themerex.net/doc/images/dropcaps.png]
[alliance-html.themerex.net/doc/images/quotes.png]
[alliance-html.themerex.net/doc/images/quotes_options.png]
[alliance-html.themerex.net/doc/images/labels.png]
[alliance-html.themerex.net/doc/images/panel-color.png]
[alliance-html.themerex.net/doc/images/panel-border.png]
[alliance-html.themerex.net/doc/images/panel-fill.png]
[alliance-html.themerex.net/doc/images/bar-size.png]
[alliance-html.themerex.net/doc/images/bar-options.png]
[alliance-html.themerex.net/doc/images/tabs.png]
[alliance-html.themerex.net/doc/images/navigation_tab.png]
[alliance-html.themerex.net/doc/images/vertical_tabs.png]
[alliance-html.themerex.net/doc/images/grid.png]
[alliance-html.themerex.net/doc/images/standard_map.png]
[alliance-html.themerex.net/doc/images/panorama.png]
[alliance-html.themerex.net/doc/images/pagination_map.png]
[alliance-html.themerex.net/doc/index.html]
[alliance-html.themerex.net/index.html]
[alliance-html.themerex.net/assets/fonts/icomoon/icomoon.svg]
[alliance-html.themerex.net/assets/fonts/themerex/themerex.svg]
[alliance-html.themerex.net/assets/fonts/glyphicons/glyphicons-halflings-regular.svg]
[alliance-html.themerex.net/assets/fonts/font-awesome/fontawesome-webfonte0a5.svg]
[alliance-html.themerex.net/assets/fonts/stateface/stateface-regular-webfont.svg]
[alliance-html.themerex.net/assets/allcp/forms/css/forms.min.css]
[alliance-html.themerex.net/cdn-cgi/l/email-protection.html]
[alliance-html.themerex.net/layout_content-heading.html]
[alliance-html.themerex.net/assets/js/plugins/summernote/summernote.css]
[alliance-html.themerex.net/assets/fonts/stateface/stateface.css]
[alliance-html.themerex.net/assets/templates/email/welcome.html]
[alliance-html.themerex.net/assets/templates/email/upsell.html]
[alliance-html.themerex.net/assets/templates/email/ping.html]
[alliance-html.themerex.net/assets/templates/email/invoice.html]
[alliance-html.themerex.net/assets/templates/email/shipped.html]
[alliance-html.themerex.net/assets/templates/email/img/1.jpg]
[alliance-html.themerex.net/assets/templates/email/img/prod3.jpg]
[alliance-html.themerex.net/assets/templates/email/img/prod4.jpg]
[alliance-html.themerex.net/assets/templates/email/img/prod5.jpg]
[alliance-html.themerex.net/assets/templates/email/img/prod6.jpg]
[alliance-html.themerex.net/assets/templates/email/img/prod7.jpg]
[alliance-html.themerex.net/assets/templates/email/img/prod8.jpg]
[alliance-html.themerex.net/assets/templates/email/invite.html]
[alliance-html.themerex.net/assets/templates/email/progress.html]
[alliance-html.themerex.net/assets/templates/email/img/s1h.png]
[alliance-html.themerex.net/assets/templates/email/img/s2h.png]
[alliance-html.themerex.net/assets/templates/email/img/s3h.png]
[alliance-html.themerex.net/assets/templates/email/img/s4h.png]
[alliance-html.themerex.net/assets/templates/email/img/s5h.png]
[alliance-html.themerex.net/assets/templates/email/survey.html]
[alliance-html.themerex.net/assets/templates/email/we_miss_you.html]
[alliance-html.themerex.net/assets/js/plugins/ladda/ladda.min.css]
[alliance-html.themerex.net/assets/fonts/zocial/zocial-regular-webfont.ttf]
[alliance-html.themerex.net/assets/fonts/zocial/zocial-regular-webfont.svg]
[alliance-html.themerex.net/assets/fonts/zocial/zocial.css]
[alliance-html.themerex.net/assets/js/plugins/highlight/styles/github.css]
[alliance-html.themerex.net/basic-Tab.html]
[alliance-html.themerex.net/assets/fonts/zocial/zocial-regular-webfont.eot]
[alliance-html.themerex.net/assets/fonts/iconsweets/iconsweets.css]
[alliance-html.themerex.net/assets/fonts/octicons/octicons.css]
[alliance-html.themerex.net/assets/js/plugins/highlight/styles/googlecode.css]
[alliance-html.themerex.net/assets/js/plugins/tagmanager/tagmanager.css]
[alliance-html.themerex.net/assets/js/plugins/daterange/daterangepicker.css]
[alliance-html.themerex.net/assets/js/plugins/datepicker/css/bootstrap-datetimepicker.css]
[alliance-html.themerex.net/assets/js/plugins/colorpicker/css/bootstrap-colorpicker.min.css]
[alliance-html.themerex.net/assets/js/plugins/select2/css/core.css]
[alliance-html.themerex.net/assets/js/plugins/xeditable/css/bootstrap-editable.css]
[alliance-html.themerex.net/assets/js/plugins/xeditable/inputs/address/address.css]
[alliance-html.themerex.net/assets/js/plugins/xeditable/inputs/typeaheadjs/lib/typeahead.js-bootstrap.css]
[alliance-html.themerex.net/assets/js/plugins/fancytree/skin-win8/ui.fancytree.min.css]
[alliance-html.themerex.net/assets/js/plugins/nestable/nestable.css]
[alliance-html.themerex.net/assets/js/plugins/dropzone/css/dropzone.css]
[alliance-html.themerex.net/assets/js/plugins/slick/slick.css]
[alliance-html.themerex.net/assets/js/plugins/datatables/media/css/dataTables.bootstrap.css]
[alliance-html.themerex.net/assets/js/plugins/datatables/extensions/Editor/css/dataTables.editor.css]
[alliance-html.themerex.net/assets/js/plugins/datatables/extensions/ColReorder/css/dataTables.colReorder.min.css]
[alliance-html.themerex.net/manStatement-tools-panels.html]
[alliance-html.themerex.net/manStatement-tools-modals.html]
[alliance-html.themerex.net/manStatement-tools-dock.html]
[alliance-html.themerex.net/user-forms-imState-tools.html]
[alliance-html.themerex.net/basic-messStates.html]
[alliance-html.themerex.net/assets/js/plugins/footable/css/footable.core.min.css]
[alliance-html.themerex.net/doc/css/style.css]
[alliance-html.themerex.net/assets/fonts/zocial/zocial-regular-webfont.svg]
[alliance-html.themerex.net/doc/images/email-template.png]
[alliance-html.themerex.net/doc/images/filter_map.png]
[alliance-html.themerex.net/doc/images/full_map.png]
[alliance-html.themerex.net/doc/images/vector_map.png]
[alliance-html.themerex.net/doc/images/charts.png]
[alliance-html.themerex.net/doc/images/d3_charts.png]
[alliance-html.themerex.net/doc/images/flot.png]
[alliance-html.themerex.net/doc/images/basic_table.png]
[alliance-html.themerex.net/doc/images/datatable.png]
[alliance-html.themerex.net/doc/images/sortable.png]
[alliance-html.themerex.net/doc/images/filter.png]
[alliance-html.themerex.net/doc/images/pagination.png]
[alliance-html.themerex.net/doc/images/pricing.png]
[alliance-html.themerex.net/assets/templates/email/img/top-bg.jpg]
[alliance-html.themerex.net/assets/templates/email/img/btn-bg.png]
[alliance-html.themerex.net/assets/templates/email/img/prod2.jpg]
[alliance-html.themerex.net/assets/templates/email/img/prod1.jpg]
[alliance-html.themerex.net/assets/templates/email/img/footer-1.png]
[alliance-html.themerex.net/assets/templates/email/img/footer-2.png]
[alliance-html.themerex.net/assets/fonts/iconsweets/IconSweets-Deluxe.eot]
[alliance-html.themerex.net/assets/fonts/iconsweets/IconSweets-Deluxed41d.eot]
[alliance-html.themerex.net/assets/fonts/iconsweets/IconSweets-Deluxe.woff]
[alliance-html.themerex.net/assets/fonts/iconsweets/IconSweets-Deluxe.ttf]
[alliance-html.themerex.net/assets/fonts/iconsweets/IconSweets-Deluxe.svg]
[alliance-html.themerex.net/assets/fonts/octicons/octiconsd41d.eot]
[alliance-html.themerex.net/assets/fonts/octicons/octicons.woff]
[alliance-html.themerex.net/assets/fonts/octicons/octicons.ttf]
[alliance-html.themerex.net/assets/fonts/octicons/octicons.svg]
[alliance-html.themerex.net/assets/js/plugins/colorpicker/img/bootstrap-colorpicker/saturation.png]
[alliance-html.themerex.net/assets/js/plugins/colorpicker/img/bootstrap-colorpicker/hue.png]
[alliance-html.themerex.net/assets/js/plugins/colorpicker/img/bootstrap-colorpicker/alpha.png]
[alliance-html.themerex.net/assets/js/plugins/colorpicker/img/bootstrap-colorpicker/hue-horizontal.png]
[alliance-html.themerex.net/assets/js/plugins/colorpicker/img/bootstrap-colorpicker/alpha-horizontal.png]
[alliance-html.themerex.net/assets/js/plugins/xeditable/img/loading.gif]
[alliance-html.themerex.net/assets/js/plugins/xeditable/img/clear.png]
[alliance-html.themerex.net/assets/js/plugins/fancytree/skin-win8/icons.gif]
[alliance-html.themerex.net/assets/js/plugins/dropzone/images/spritemap.png]
[alliance-html.themerex.net/assets/js/plugins/dropzone/images/spritemap@2x.png]
[alliance-html.themerex.net/assets/js/plugins/slick/ajax-loader.gif]
[alliance-html.themerex.net/assets/js/plugins/slick/fonts/slick.eot]
[alliance-html.themerex.net/assets/js/plugins/slick/fonts/slickd41d.eot]
[alliance-html.themerex.net/assets/js/plugins/slick/fonts/slick.woff]
[alliance-html.themerex.net/assets/js/plugins/slick/fonts/slick.ttf]
[alliance-html.themerex.net/assets/js/plugins/slick/fonts/slick.svg]
[alliance-html.themerex.net/assets/js/plugins/datatables/media/images/sort_both.png]
[alliance-html.themerex.net/assets/js/plugins/datatables/media/images/sort_asc.png]
[alliance-html.themerex.net/assets/js/plugins/datatables/media/images/sort_desc.png]
[alliance-html.themerex.net/assets/js/plugins/datatables/media/images/sort_asc_disabled.png]
[alliance-html.themerex.net/assets/js/plugins/datatables/media/images/sort_desc_disabled.png]
[alliance-html.themerex.net/assets/js/plugins/footable/css/fonts/footable.eot]
[alliance-html.themerex.net/assets/js/plugins/footable/css/fonts/footabled41d.eot]
[alliance-html.themerex.net/assets/js/plugins/footable/css/fonts/footable.woff]
[alliance-html.themerex.net/assets/js/plugins/footable/css/fonts/footable.ttf]
[alliance-html.themerex.net/assets/js/plugins/footable/css/fonts/footable.svg]
[alliance-html.themerex.net/doc/css/img/plus-minus.png]
